     1                                 %line 1+1 stats.asm
     2                                 
     3                                 
     4                                 
     5                                 
     6                                 
     7                                 
     8                                 [section .data]
     9                                 
    10                                 
    11                                 
    12                                 [section .text]
    13                                 
    14                                 
    15                                 
    16                                 
    17                                 
    18                                 
    19                                 
    20                                 
    21                                 
    22                                 
    23                                 
    24                                 
    25                                 
    26                                 
    27                                 [global stats]
    28                                 stats:
    29 00000000 4154                    push r12
    30                                 
    31                                 
    32                                 
    33                                 
    34 00000002 49C7C300000000          mov r11, 0
    35 00000009 41BC00000000            mov r12d, 0
    36                                 
    37                                  sumLoop:
    38 0000000F 428B049F                mov eax, dword[rdi+r11*4]
    39 00000013 4101C4                  add r12d, eax
    40 00000016 49FFC3                  inc r11
    41 00000019 4939F3                  cmp r11, rsi
    42 0000001C 72EF                    jb sumLoop
    43                                 
    44 0000001E 448922                  mov dword[rdx], r12d
    45                                 
    46                                 
    47                                 
    48                                 
    49 00000021 4489E0                  mov eax, r12d
    50 00000024 99                      cdq
    51 00000025 F7FE                    idiv esi
    52 00000027 8901                    mov dword[rcx], eax
    53                                 
    54                                 
    55                                 
    56                                 
    57 00000029 415C                    pop r12
    58 0000002B C3                      ret
